Initialising login role...
Connecting to remote database...
Do you want to push these migrations to the remote database?
 • 202606190001_compliance_foundation.sql
 • 202606190002_unify_client_staff_assignments.sql
 • 202606190003_compliance_gaps.sql
 • 202606190004_security_hardening.sql
 • 202606190005_privilege_hardening.sql
 • 202606190006_restore_authenticated_select_base.sql
 • 202606230001_shift_loading_indexes.sql
 • 202606230002_staff_status_fields.sql
 • 202606240001_bug_fixes.sql
 • 202606250003_report_shifts.sql

 [Y/n] y
Applying migration 202606190001_compliance_foundation.sql...
ERROR: relation "public.organizations" does not exist (SQLSTATE 42P01)                       
At statement: 0                                                                              
-- 3省2ガイドライン対応の基盤: 保持、論理削除、版履歴、追記専用監査ログ                      
-- アプリケーション更新と同時に適用すること。                                                
                                                                                             
ALTER TABLE public.organizations                                                             
  ADD COLUMN IF NOT EXISTS retention_years smallint NOT NULL DEFAULT 5,                      
  ADD COLUMN IF NOT EXISTS deleted_at timestamptz,                                           
  ADD COLUMN IF NOT EXISTS deleted_by uuid REFERENCES public.profiles(id) ON DELETE SET NULL,
  ADD COLUMN IF NOT EXISTS retention_until timestamptz                                       
Try rerunning the command with --debug to troubleshoot the error.
